=== Job info ===
Nodes:       6
Tasks:       
CPUs/task:   12
OMP threads: 12
================
Board:               9 x 9
Trivial lower bound: 4
MPI processes:       6
OpenMP threads/proc: 12
Cutoff depth:        4
Batch size:          24
Generated tasks:     743  (0.002 s)
Recursive calls:     51030843
Generate time:       0.002 s
Parallel wall time:  6.997 s
Total wall time:     6.999 s
Result: best found

=== Solution ===
Cost:     5
T pieces: 10
Z pieces: 10

 T1  T1  T1  T2  Z3  T4  T4  T4  T5 
 Z6  T1  T2  T2  Z3  Z3  T4  T5  T5 
 Z6  Z6  Z7  T2  Z8  Z3  Z9  Z9  T5 
Z10  Z6  Z7  Z7  Z8  Z8 T11  Z9  Z9 
Z10 Z10 T12  Z7   5  Z8 T11 T11 T13 
T14 Z10 T12 T12 Z15 Z15 T11 T13 T13 
T14 T14 T12 Z16 Z16 Z15 Z15 Z17 T13 
T14 T18 Z16 Z16 T19 Z20 Z20 Z17 Z17 
T18 T18 T18 T19 T19 T19 Z20 Z20 Z17 
