=== Job info ===
Nodes:       6
Tasks:       
CPUs/task:   12
OMP threads: 12
================
Board:               5 x 15
Trivial lower bound: 7
MPI processes:       6
OpenMP threads/proc: 12
Cutoff depth:        4
Batch size:          24
Generated tasks:     817  (0.002 s)
Recursive calls:     309068003
Generate time:       0.002 s
Parallel wall time:  44.085 s
Total wall time:     44.088 s
Result: best found

=== Solution ===
Cost:     8
T pieces: 9
Z pieces: 9

 T1  T1  T1  Z2  Z2  Z3  T4  T4  T4  Z5  Z6  Z6  T7  T7  T7 
 T8  T1  Z2  Z2  Z3  Z3  Z9  T4  Z5  Z5   2  Z6  Z6  T7 T10 
 T8  T8 Z11   4  Z3 Z12  Z9  Z9  Z5 Z13 T14 T14 T14 T10 T10 
 T8 T15 Z11 Z11 Z12 Z12 T16  Z9 Z13 Z13 T17 T14 Z18 Z18 T10 
T15 T15 T15 Z11 Z12 T16 T16 T16 Z13 T17 T17 T17   2 Z18 Z18 
