=== Job info ===
Nodes:       6
Tasks:       
CPUs/task:   12
OMP threads: 12
================
Board:               5 x 11
Trivial lower bound: 16
MPI processes:       6
OpenMP threads/proc: 12
Cutoff depth:        4
Batch size:          24
Generated tasks:     815  (0.002 s)
Recursive calls:     6077222
Generate time:       0.002 s
Parallel wall time:  0.510 s
Total wall time:     0.512 s
Result: best found

=== Solution ===
Cost:     18
T pieces: 7
Z pieces: 6

 T1  T1  T1  Z2   9  Z3  T4  T4  T4   3  Z5 
  6  T1  T6  Z2  Z2  Z3  Z3  T4  Z7  Z5  Z5 
 T8  T6  T6  T6  Z2  Z9  Z3  Z7  Z7  Z5 T10 
 T8  T8 Z11 Z11 T12  Z9  Z9  Z7 T13 T10 T10 
 T8 Z11 Z11 T12 T12 T12  Z9 T13 T13 T13 T10 
