=== Job info ===
Nodes:       6
Tasks:       
CPUs/task:   12
OMP threads: 12
================
Board:               15 x 5
Trivial lower bound: 3
MPI processes:       6
OpenMP threads/proc: 12
Cutoff depth:        4
Batch size:          24
Generated tasks:     215  (0.001 s)
Recursive calls:     14535021
Generate time:       0.001 s
Parallel wall time:  2.250 s
Total wall time:     2.251 s
Result: best found

=== Solution ===
Cost:     5
T pieces: 9
Z pieces: 9

 T1  T2  T2  T2  Z3 
 T1  T1  T2  Z3  Z3 
 T1  Z4   2  Z3  T5 
 T6  Z4  Z4  T5  T5 
 T6  T6  Z4  Z7  T5 
 T6  Z8  Z7  Z7  T9 
 Z8  Z8  Z7  T9  T9 
 Z8 Z10 Z10 Z11  T9 
Z10 Z10   2 Z11 Z11 
T12   1 Z13 Z13 Z11 
T12 T12 T14 Z13 Z13 
T12 Z15 T14 T14 T16 
Z15 Z15 T14 T16 T16 
Z15 T17 Z18 Z18 T16 
T17 T17 T17 Z18 Z18 
