=== Job info ===
Binary:      ./seq
Map:         ./mapa/mapa7_11.txt
Cutoff:      4
CPUs/task:   48
OMP threads: 48
================
Board:              7 x 11
Trivial lower bound: 5
Starting search...
Recursive calls:    7707479
Wall time:          10.316 s
Result: OPTIMAL (reached trivial lower bound)

=== Solution ===
Cost:    5
T pieces: 9
Z pieces: 10

 Z1   5  Z2  Z2  Z3  Z3  Z4  Z4  T5  T5  T5 
 Z1  Z1  T6  Z2  Z2  Z3  Z3  Z4  Z4  T5  Z7 
 T8  Z1  T6  T6  T9  T9  T9 Z10 Z10  Z7  Z7 
 T8  T8  T6 Z11 Z11  T9 Z10 Z10 T12  Z7 T13 
 T8 Z14 Z15 Z15 Z11 Z11 Z16 T12 T12 T13 T13 
Z14 Z14 T17 Z15 Z15 T18 Z16 Z16 T12 T19 T13 
Z14 T17 T17 T17 T18 T18 T18 Z16 T19 T19 T19 
