=== Job info ===
Binary:      ./seq
Map:         ./mapa/mapa9_10.txt
Cutoff:      4
CPUs/task:   48
OMP threads: 48
================
Board:              9 x 10
Trivial lower bound: 2
Starting search...
Recursive calls:    14581791
Wall time:          18.787 s
Result: OPTIMAL (reached trivial lower bound)

=== Solution ===
Cost:    2
T pieces: 11
Z pieces: 11

 T1  Z2  Z2  T3  T3  T3  T4  T4  T4  Z5 
 T1  T1  Z2  Z2  T3  Z6  Z6  T4  Z5  Z5 
 T1  T7  Z8  Z8  Z6  Z6  Z9  Z9  Z5 T10 
 T7  T7  T7  Z8  Z8  Z9  Z9 T11 T10 T10 
T12 T12 T12 Z13 Z14 Z14   1 T11 T11 T10 
T15 T12 Z13 Z13 T16 Z14 Z14 T11 Z17 Z17 
T15 T15 Z13 T16 T16 T16 Z18 Z17 Z17 T19 
T15 Z20 Z20 Z21 Z21 Z18 Z18 T22 T19 T19 
Z20 Z20 Z21 Z21   1 Z18 T22 T22 T22 T19 
