=== Job info ===
Binary:      ./task
Map:         ./mapa/mapa5_11.txt
Cutoff:      4
CPUs/task:   48
OMP threads: 48
================
Board:              5 x 11
Trivial lower bound: 16
Threads:            48
Cutoff depth:       4
Recursive calls:    3753279
Wall time:          2.693 s
Result: best found

=== Solution ===
Cost:     18
T pieces: 7
Z pieces: 6

 T1  T1  T1  Z2   9  Z3  T4  T4  T4   3  Z5 
  6  T1  T6  Z2  Z2  Z3  Z3  T4  Z7  Z5  Z5 
 T8  T6  T6  T6  Z2  Z9  Z3  Z7  Z7  Z5 T10 
 T8  T8 Z11 Z11 T12  Z9  Z9  Z7 T13 T10 T10 
 T8 Z11 Z11 T12 T12 T12  Z9 T13 T13 T13 T10 
