[cf-prod-node-046:mpi_rank_0][mv2_get_arch_type] **********************WARNING***********************
[cf-prod-node-046:mpi_rank_0][mv2_get_arch_type] Failed to automatically detect the CPU architecture.
[cf-prod-node-046:mpi_rank_0][mv2_get_arch_type] This may lead to subpar communication performance.
[cf-prod-node-046:mpi_rank_0][mv2_get_arch_type] ****************************************************
[cf-prod-node-046:mpi_rank_0][mv2_get_arch_type] **********************WARNING***********************
[cf-prod-node-046:mpi_rank_0][mv2_get_arch_type] Failed to automatically detect the CPU architecture.
[cf-prod-node-046:mpi_rank_0][mv2_get_arch_type] This may lead to subpar communication performance.
[cf-prod-node-046:mpi_rank_0][mv2_get_arch_type] ****************************************************
[cf-prod-node-046:mpi_rank_0][mv2_get_arch_type] **********************WARNING***********************
[cf-prod-node-046:mpi_rank_0][mv2_get_arch_type] Failed to automatically detect the CPU architecture.
[cf-prod-node-046:mpi_rank_0][mv2_get_arch_type] This may lead to subpar communication performance.
[cf-prod-node-046:mpi_rank_0][mv2_get_arch_type] ****************************************************
[cf-prod-node-046:mpi_rank_0][MPID_Init] Warning: Process to core binding is enabled and OMP_NUM_THREADS is greater than one (12).
If your program has OpenMP sections, this can cause over-subscription of cores and consequently poor performance
To avoid this, please re-run your application after setting MV2_ENABLE_AFFINITY=0
Use MV2_USE_THREAD_WARNING=0 to suppress this message
WARNING: Requested total thread count and/or thread affinity may result in
oversubscription of available CPU resources!  Performance may be degraded.
Explicitly set OMP_WAIT_POLICY=PASSIVE or ACTIVE to suppress this message.
Set CRAY_OMP_CHECK_AFFINITY=TRUE to print detailed thread-affinity messages.
